[29/Sep/2026 03:50:34] "GET /sobre-mim/ HTTP/1.1" 200 28831
[29/Sep/2026 03:50:56] "GET /servicos/avaliacao/ HTTP/1.1" 200 27780
[29/Sep/2026 03:50:56] "GET /static/css/componentes.css HTTP/1.1" 304 0
[29/Sep/2026 03:50:56] "GET /static/css/editorial.css HTTP/1.1" 304 0
[29/Sep/2026 03:50:56] "GET /static/js/navegacao.js HTTP/1.1" 304 0
[29/Sep/2026 03:51:00] "GET /servicos/avaliacao/burnout/ HTTP/1.1" 200 23309
[29/Sep/2026 03:51:11] "GET /servicos/psicologia/ HTTP/1.1" 200 20818
[29/Sep/2026 03:51:16] "GET /credenciamento/ HTTP/1.1" 200 23695
[29/Sep/2026 03:51:16] "GET /static/css/componentes.css HTTP/1.1" 304 0
[29/Sep/2026 03:51:16] "GET /static/css/editorial.css HTTP/1.1" 304 0
[29/Sep/2026 03:51:16] "GET /static/js/navegacao.js HTTP/1.1" 304 0
[29/Sep/2026 03:51:42] "GET /conteudos/ HTTP/1.1" 200 23913
[29/Sep/2026 03:51:42] "GET /static/css/componentes.css HTTP/1.1" 304 0
[29/Sep/2026 03:51:42] "GET /static/css/editorial.css HTTP/1.1" 304 0
[29/Sep/2026 03:51:42] "GET /static/js/navegacao.js HTTP/1.1" 304 0
[29/Sep/2026 03:51:42] "GET /static/css/conteudos.css HTTP/1.1" 200 21288
[29/Sep/2026 03:51:54] "GET /conteudos/categoria/psicologia-clinica/ HTTP/1.1" 200 24176
[29/Sep/2026 03:51:55] "GET /conteudos/categoria/relacionamentos/ HTTP/1.1" 200 24159
[29/Sep/2026 03:51:55] "GET /conteudos/categoria/traumas-e-recomecos/ HTTP/1.1" 200 24233
[29/Sep/2026 03:51:57] "GET /conteudos/ HTTP/1.1" 200 23913
[29/Sep/2026 03:51:59] "GET /contato/ HTTP/1.1" 200 28215
[29/Sep/2026 03:52:02] "GET / HTTP/1.1" 200 29337
[29/Sep/2026 03:52:02] "GET /static/img/avaliacoes/psicoterapia.webp HTTP/1.1" 304 0
[29/Sep/2026 03:52:02] "GET /static/img/avaliacoes/credenciamento.webp HTTP/1.1" 304 0
[29/Sep/2026 03:52:02] "GET /static/img/avaliacoes/burnout.webp HTTP/1.1" 304 0
[29/Sep/2026 03:52:02] "GET /static/img/avaliacoes/esterilizacao.webp HTTP/1.1" 304 0
[29/Sep/2026 03:52:02] "GET /static/img/avaliacoes/bariatrica.webp HTTP/1.1" 304 0
[29/Sep/2026 03:52:02] "GET /static/img/avaliacoes/inss.webp HTTP/1.1" 304 0
[29/Sep/2026 03:52:02] "GET /static/img/avaliacoes/judicial.webp HTTP/1.1" 304 0
[29/Sep/2026 03:52:02] "GET /static/img/avaliacoes/ansiedade.webp HTTP/1.1" 304 0
