[04/Oct/2026 22:59:00] "GET /contato/ HTTP/1.1" 200 37028
[04/Oct/2026 22:59:00] "GET /static/css/componentes.css HTTP/1.1" 200 26241
[04/Oct/2026 22:59:00] "GET /static/css/editorial.css HTTP/1.1" 200 11233
[04/Oct/2026 22:59:00] "GET /static/css/paginas_internas.css HTTP/1.1" 200 26168
[04/Oct/2026 22:59:00] "GET /static/css/layout.css HTTP/1.1" 200 4814
[04/Oct/2026 22:59:00] "GET /static/css/contato.css HTTP/1.1" 200 10358
[04/Oct/2026 22:59:00] "GET /static/img/marca/logo-oliva.png HTTP/1.1" 200 834559
[04/Oct/2026 22:59:00] "GET /static/css/tokens.css HTTP/1.1" 200 7430
[04/Oct/2026 22:59:00] "GET /static/css/base.css HTTP/1.1" 200 10591
[04/Oct/2026 22:59:00] "GET /static/css/utilitarios.css HTTP/1.1" 200 1906
[04/Oct/2026 22:59:00] "GET /static/css/tipografia.css HTTP/1.1" 200 6401
[04/Oct/2026 22:59:01] "GET /static/js/base.js HTTP/1.1" 200 551
[04/Oct/2026 22:59:01] "GET /static/js/navegacao.js HTTP/1.1" 200 5075
[04/Oct/2026 22:59:02] "GET /static/img/marca/logo-clara.png HTTP/1.1" 200 845463
[04/Oct/2026 22:59:03] "POST /contato/ HTTP/1.1" 200 21062
[04/Oct/2026 22:59:03] "GET /static/css/tokens.css HTTP/1.1" 200 7430
[04/Oct/2026 22:59:03] "GET /static/css/base.css HTTP/1.1" 200 10591
[04/Oct/2026 22:59:03] "GET /static/css/utilitarios.css HTTP/1.1" 200 1906
[04/Oct/2026 22:59:03] "GET /static/css/tipografia.css HTTP/1.1" 200 6401
[04/Oct/2026 22:59:03] "GET /static/css/layout.css HTTP/1.1" 200 4814
[04/Oct/2026 22:59:03] "GET /static/css/componentes.css HTTP/1.1" 200 26241
[04/Oct/2026 22:59:03] "GET /static/css/editorial.css HTTP/1.1" 200 11233
[04/Oct/2026 22:59:03] "GET /static/img/marca/logo-oliva.png HTTP/1.1" 200 834559
[04/Oct/2026 22:59:03] "GET /static/js/base.js HTTP/1.1" 200 551
[04/Oct/2026 22:59:03] "GET /static/js/navegacao.js HTTP/1.1" 200 5075
[04/Oct/2026 22:59:03] "GET /static/js/abrir-whatsapp.js HTTP/1.1" 200 122
[04/Oct/2026 22:59:03] "GET /static/img/marca/logo-clara.png HTTP/1.1" 200 845463
