[30/Sep/2026 04:33:02] "GET /area-cliente/entrar/ HTTP/1.1" 200 16363
[30/Sep/2026 04:33:02] "GET /static/css/tokens.css HTTP/1.1" 200 7430
[30/Sep/2026 04:33:02] "GET /static/css/editorial.css HTTP/1.1" 200 10478
[30/Sep/2026 04:33:02] "GET /static/css/conteudos.css HTTP/1.1" 200 21750
[30/Sep/2026 04:33:02] "GET /static/css/painel.css HTTP/1.1" 200 4037
[30/Sep/2026 04:33:02] "GET /static/css/base.css HTTP/1.1" 200 10591
[30/Sep/2026 04:33:02] "GET /static/css/layout.css HTTP/1.1" 200 4814
[30/Sep/2026 04:33:03] "GET /static/css/tipografia.css HTTP/1.1" 200 6401
[30/Sep/2026 04:33:03] "GET /static/css/componentes.css HTTP/1.1" 200 26241
[30/Sep/2026 04:33:03] "GET /static/css/utilitarios.css HTTP/1.1" 200 1906
[30/Sep/2026 04:33:03] "GET /static/js/base.js HTTP/1.1" 200 551
[30/Sep/2026 04:33:03] "GET /static/js/navegacao.js HTTP/1.1" 200 5075
Not Found: /favicon.ico
[2026-09-30 04:33:03,745] WARNING django.request: Not Found: /favicon.ico
[30/Sep/2026 04:33:03] "GET /favicon.ico HTTP/1.1" 404 6043
[30/Sep/2026 04:33:05] "POST /area-cliente/entrar/ HTTP/1.1" 302 0
[30/Sep/2026 04:33:05] "GET /area-cliente/ HTTP/1.1" 200 19197
[30/Sep/2026 04:33:05] "GET /area-cliente/novo/ HTTP/1.1" 200 20543
[30/Sep/2026 04:33:05] "GET /static/js/editor-blog.js HTTP/1.1" 200 3227
[30/Sep/2026 04:33:05] "GET /static/js/enquadramento-capa.js HTTP/1.1" 200 3478
[30/Sep/2026 04:33:05] "POST /area-cliente/novo/ HTTP/1.1" 302 0
[30/Sep/2026 04:33:05] "GET /area-cliente/ HTTP/1.1" 200 19610
[30/Sep/2026 04:33:06] "GET /area-cliente/artigo/12/ HTTP/1.1" 200 20986
[30/Sep/2026 04:33:06] "GET /media/artigos/teste-temporario-enquadramento_74fdc282.webp HTTP/1.1" 200 166472
[30/Sep/2026 04:33:06] "GET /static/js/enquadramento-capa.js HTTP/1.1" 304 0
[30/Sep/2026 04:33:06] "POST /area-cliente/artigo/12/ HTTP/1.1" 302 0
[30/Sep/2026 04:33:06] "GET /area-cliente/ HTTP/1.1" 200 19610
[30/Sep/2026 04:33:06] "GET /conteudos/teste-temporario-enquadramento/ HTTP/1.1" 200 26985
[30/Sep/2026 04:33:06] "GET /media/artigos/teste-temporario-enquadramento_74fdc282.webp HTTP/1.1" 304 0
[30/Sep/2026 04:33:06] "GET /static/css/paginas_internas.css HTTP/1.1" 200 26168
[30/Sep/2026 04:33:06] "GET /media/profissionais/mari-capa-v3.webp HTTP/1.1" 200 166472
[30/Sep/2026 04:33:06] "GET /media/artigos/tuntuntun-sahur_02de38a0.png HTTP/1.1" 200 323630
[30/Sep/2026 04:33:06] "GET /area-cliente/ HTTP/1.1" 200 19551
[30/Sep/2026 04:33:06] "GET /area-cliente/artigo/12/excluir/ HTTP/1.1" 200 16277
[30/Sep/2026 04:33:06] "POST /area-cliente/artigo/12/excluir/ HTTP/1.1" 302 0
[30/Sep/2026 04:33:06] "GET /area-cliente/ HTTP/1.1" 200 19256
[30/Sep/2026 04:36:43] "GET /conteudos/tuntuntun-sahur/ HTTP/1.1" 200 26000
[30/Sep/2026 04:36:43] "GET /static/css/tokens.css HTTP/1.1" 200 7430
[30/Sep/2026 04:36:43] "GET /static/css/base.css HTTP/1.1" 200 10591
[30/Sep/2026 04:36:43] "GET /static/css/editorial.css HTTP/1.1" 200 10478
[30/Sep/2026 04:36:43] "GET /static/css/paginas_internas.css HTTP/1.1" 200 26168
[30/Sep/2026 04:36:43] "GET /static/css/tipografia.css HTTP/1.1" 200 6401
[30/Sep/2026 04:36:43] "GET /static/css/conteudos.css HTTP/1.1" 200 22852
[30/Sep/2026 04:36:43] "GET /static/css/componentes.css HTTP/1.1" 200 26241
[30/Sep/2026 04:36:43] "GET /static/css/layout.css HTTP/1.1" 200 4814
[30/Sep/2026 04:36:43] "GET /media/artigos/tuntuntun-sahur_02de38a0.png HTTP/1.1" 200 323630
[30/Sep/2026 04:36:43] "GET /static/css/utilitarios.css HTTP/1.1" 200 1906
[30/Sep/2026 04:36:44] "GET /static/js/base.js HTTP/1.1" 200 551
[30/Sep/2026 04:36:44] "GET /static/js/navegacao.js HTTP/1.1" 200 5075
[30/Sep/2026 04:36:44] "GET /media/profissionais/mari-capa-v3.webp HTTP/1.1" 200 166472
Not Found: /favicon.ico
[2026-09-30 04:36:44,956] WARNING django.request: Not Found: /favicon.ico
[30/Sep/2026 04:36:44] "GET /favicon.ico HTTP/1.1" 404 6043
[30/Sep/2026 04:36:45] "GET /conteudos/tuntuntun-sahur/ HTTP/1.1" 200 26000
[30/Sep/2026 04:36:45] "GET /conteudos/ HTTP/1.1" 200 24512
[30/Sep/2026 04:36:45] "GET /static/css/conteudos.css HTTP/1.1" 304 0
[30/Sep/2026 04:37:09] "GET /conteudos/tuntuntun-sahur/ HTTP/1.1" 200 26000
[30/Sep/2026 04:37:09] "GET /static/css/tokens.css HTTP/1.1" 200 7430
[30/Sep/2026 04:37:09] "GET /static/css/base.css HTTP/1.1" 200 10591
[30/Sep/2026 04:37:09] "GET /static/css/componentes.css HTTP/1.1" 200 26241
[30/Sep/2026 04:37:09] "GET /static/css/paginas_internas.css HTTP/1.1" 200 26168
[30/Sep/2026 04:37:09] "GET /static/css/conteudos.css HTTP/1.1" 200 22852
[30/Sep/2026 04:37:09] "GET /static/css/layout.css HTTP/1.1" 200 4814
[30/Sep/2026 04:37:09] "GET /static/css/tipografia.css HTTP/1.1" 200 6401
[30/Sep/2026 04:37:09] "GET /static/css/utilitarios.css HTTP/1.1" 200 1906
[30/Sep/2026 04:37:09] "GET /static/css/editorial.css HTTP/1.1" 200 10478
[30/Sep/2026 04:37:09] "GET /media/artigos/tuntuntun-sahur_02de38a0.png HTTP/1.1" 200 323630
[30/Sep/2026 04:37:10] "GET /static/js/base.js HTTP/1.1" 200 551
[30/Sep/2026 04:37:10] "GET /static/js/navegacao.js HTTP/1.1" 200 5075
[30/Sep/2026 04:37:10] "GET /media/profissionais/mari-capa-v3.webp HTTP/1.1" 200 166472
Not Found: /favicon.ico
[2026-09-30 04:37:10,911] WARNING django.request: Not Found: /favicon.ico
[30/Sep/2026 04:37:10] "GET /favicon.ico HTTP/1.1" 404 6043
[30/Sep/2026 04:37:11] "GET /conteudos/tuntuntun-sahur/ HTTP/1.1" 200 26000
[30/Sep/2026 04:37:11] "GET /conteudos/ HTTP/1.1" 200 24512
[30/Sep/2026 04:37:15,928] - Broken pipe from ('127.0.0.1', 52327)
[30/Sep/2026 04:37:15,929] - Broken pipe from ('127.0.0.1', 52326)
