[30/Sep/2026 12:37:23] "GET / HTTP/1.1" 200 29463
[30/Sep/2026 12:37:23] "GET /static/css/tipografia.css HTTP/1.1" 200 6401
[30/Sep/2026 12:37:23] "GET /static/css/editorial.css HTTP/1.1" 200 10892
[30/Sep/2026 12:37:23] "GET /media/profissionais/mari-capa-v3.webp HTTP/1.1" 200 166472
[30/Sep/2026 12:37:23] "GET /static/css/layout.css HTTP/1.1" 200 4814
[30/Sep/2026 12:37:24] "GET /static/css/tokens.css HTTP/1.1" 200 7430
[30/Sep/2026 12:37:24] "GET /static/css/base.css HTTP/1.1" 200 10591
[30/Sep/2026 12:37:24] "GET /static/css/componentes.css HTTP/1.1" 200 26241
[30/Sep/2026 12:37:24] "GET /static/js/base.js HTTP/1.1" 200 551
[30/Sep/2026 12:37:24] "GET /static/js/navegacao.js HTTP/1.1" 200 5075
[30/Sep/2026 12:37:24] "GET /static/css/utilitarios.css HTTP/1.1" 200 1906
[30/Sep/2026 12:37:24] "GET /static/img/avaliacoes/ansiedade-v2.webp HTTP/1.1" 200 157378
[30/Sep/2026 12:37:24] "GET /static/img/avaliacoes/burnout-v2.webp HTTP/1.1" 200 56402
[30/Sep/2026 12:37:24] "GET /static/img/avaliacoes/esterilizacao-v2.webp HTTP/1.1" 200 44098
[30/Sep/2026 12:37:24] "GET /static/img/avaliacoes/bariatrica-v2.webp HTTP/1.1" 200 68238
[30/Sep/2026 12:37:24] "GET /static/img/avaliacoes/judicial.webp HTTP/1.1" 200 47616
[30/Sep/2026 12:37:24] "GET /static/img/avaliacoes/inss.webp HTTP/1.1" 200 53554
Not Found: /favicon.ico
[2026-09-30 12:37:24,677] WARNING django.request: Not Found: /favicon.ico
[30/Sep/2026 12:37:24] "GET /favicon.ico HTTP/1.1" 404 6043
[30/Sep/2026 12:37:24] "GET / HTTP/1.1" 200 29463
[30/Sep/2026 12:37:24] "GET /static/css/editorial.css HTTP/1.1" 304 0
[30/Sep/2026 12:37:25] "GET /static/img/avaliacoes/bariatrica-v2-mobile.webp HTTP/1.1" 200 38652
[30/Sep/2026 12:37:25] "GET /static/img/avaliacoes/ansiedade-v2-mobile.webp HTTP/1.1" 200 84596
[30/Sep/2026 12:37:25] "GET /static/img/avaliacoes/burnout-v2-mobile.webp HTTP/1.1" 200 33380
[30/Sep/2026 12:37:25] "GET /static/img/avaliacoes/esterilizacao-v2-mobile.webp HTTP/1.1" 200 23620
[30/Sep/2026 12:37:25] "GET /static/img/avaliacoes/inss-mobile.webp HTTP/1.1" 200 27774
[30/Sep/2026 12:37:25] "GET /static/img/avaliacoes/judicial-mobile.webp HTTP/1.1" 200 23806
[30/Sep/2026 12:37:25] "GET / HTTP/1.1" 200 29463
[30/Sep/2026 12:37:25] "GET /static/css/editorial.css HTTP/1.1" 304 0
[30/Sep/2026 12:37:25] "GET / HTTP/1.1" 200 29463
[30/Sep/2026 12:37:25] "GET /static/css/editorial.css HTTP/1.1" 304 0
