[04/Oct/2026 21:19:59] "GET / HTTP/1.1" 200 29845
[04/Oct/2026 21:19:59] "GET /static/css/tokens.css HTTP/1.1" 200 7430
[04/Oct/2026 21:19:59] "GET /static/css/editorial.css HTTP/1.1" 200 11233
[04/Oct/2026 21:19:59] "GET /media/profissionais/mari-capa-v3.webp HTTP/1.1" 200 166472
[04/Oct/2026 21:19:59] "GET /static/img/marca/logo-oliva.png HTTP/1.1" 200 834559
[04/Oct/2026 21:19:59] "GET /static/css/base.css HTTP/1.1" 200 10591
[04/Oct/2026 21:19:59] "GET /static/css/tipografia.css HTTP/1.1" 200 6401
[04/Oct/2026 21:19:59] "GET /static/css/layout.css HTTP/1.1" 200 4814
[04/Oct/2026 21:19:59] "GET /static/css/utilitarios.css HTTP/1.1" 200 1906
[04/Oct/2026 21:19:59] "GET /static/css/componentes.css HTTP/1.1" 200 26241
[04/Oct/2026 21:20:00] "GET /static/js/navegacao.js HTTP/1.1" 200 5075
[04/Oct/2026 21:20:00] "GET /static/js/base.js HTTP/1.1" 200 551
[04/Oct/2026 21:20:00] "GET /static/img/avaliacoes/bariatrica-v2.webp HTTP/1.1" 200 68238
[04/Oct/2026 21:20:00] "GET /static/img/avaliacoes/burnout-v2.webp HTTP/1.1" 200 56402
[04/Oct/2026 21:20:00] "GET /static/img/avaliacoes/esterilizacao-v2.webp HTTP/1.1" 200 44098
[04/Oct/2026 21:20:00] "GET /static/img/avaliacoes/inss.webp HTTP/1.1" 200 53554
[04/Oct/2026 21:20:00] "GET /static/img/avaliacoes/judicial.webp HTTP/1.1" 200 47616
[04/Oct/2026 21:20:00] "GET /static/img/avaliacoes/ansiedade-v2.webp HTTP/1.1" 200 157378
Not Found: /favicon.ico
[2026-10-04 21:20:00,845] WARNING django.request: Not Found: /favicon.ico
[04/Oct/2026 21:20:00] "GET /favicon.ico HTTP/1.1" 404 6043
[04/Oct/2026 21:20:00] "GET / HTTP/1.1" 200 29845
[04/Oct/2026 21:20:01] "GET /static/img/avaliacoes/burnout-v2-mobile.webp HTTP/1.1" 200 33380
[04/Oct/2026 21:20:01] "GET /static/img/avaliacoes/inss-mobile.webp HTTP/1.1" 200 27774
[04/Oct/2026 21:20:01] "GET /static/img/avaliacoes/judicial-mobile.webp HTTP/1.1" 200 23806
[04/Oct/2026 21:20:01] "GET /static/img/avaliacoes/bariatrica-v2-mobile.webp HTTP/1.1" 200 38652
[04/Oct/2026 21:20:01] "GET /static/img/avaliacoes/esterilizacao-v2-mobile.webp HTTP/1.1" 200 23620
[04/Oct/2026 21:20:01] "GET /static/img/avaliacoes/ansiedade-v2-mobile.webp HTTP/1.1" 200 84596
[04/Oct/2026 21:20:01] "GET / HTTP/1.1" 200 29845
[04/Oct/2026 21:20:01] "GET /static/img/marca/logo-clara.png HTTP/1.1" 200 845463
