[30/Sep/2026 04:20:59] "GET /area-cliente/entrar/ HTTP/1.1" 200 16363
[30/Sep/2026 04:20:59] "GET /static/css/tokens.css HTTP/1.1" 200 7430
[30/Sep/2026 04:20:59] "GET /static/css/editorial.css HTTP/1.1" 200 10478
[30/Sep/2026 04:20:59] "GET /static/css/conteudos.css HTTP/1.1" 200 21750
[30/Sep/2026 04:20:59] "GET /static/css/painel.css HTTP/1.1" 200 3430
[30/Sep/2026 04:20:59] "GET /static/css/tipografia.css HTTP/1.1" 200 6401
[30/Sep/2026 04:20:59] "GET /static/css/layout.css HTTP/1.1" 200 4814
[30/Sep/2026 04:20:59] "GET /static/css/base.css HTTP/1.1" 200 10591
[30/Sep/2026 04:20:59] "GET /static/css/componentes.css HTTP/1.1" 200 26241
[30/Sep/2026 04:20:59] "GET /static/css/utilitarios.css HTTP/1.1" 200 1906
[30/Sep/2026 04:20:59] "GET /static/js/base.js HTTP/1.1" 200 551
[30/Sep/2026 04:20:59] "GET /static/js/navegacao.js HTTP/1.1" 200 5075
Not Found: /favicon.ico
[2026-09-30 04:21:00,059] WARNING django.request: Not Found: /favicon.ico
[30/Sep/2026 04:21:00] "GET /favicon.ico HTTP/1.1" 404 6043
[30/Sep/2026 04:21:49] "GET /area-cliente/entrar/ HTTP/1.1" 200 16363
[30/Sep/2026 04:21:49] "GET /static/css/tokens.css HTTP/1.1" 200 7430
[30/Sep/2026 04:21:49] "GET /static/css/base.css HTTP/1.1" 200 10591
[30/Sep/2026 04:21:49] "GET /static/css/tipografia.css HTTP/1.1" 200 6401
[30/Sep/2026 04:21:49] "GET /static/css/editorial.css HTTP/1.1" 200 10478
[30/Sep/2026 04:21:49] "GET /static/css/conteudos.css HTTP/1.1" 200 21750
[30/Sep/2026 04:21:49] "GET /static/css/painel.css HTTP/1.1" 200 3430
[30/Sep/2026 04:21:49] "GET /static/css/layout.css HTTP/1.1" 200 4814
[30/Sep/2026 04:21:49] "GET /static/css/componentes.css HTTP/1.1" 200 26241
[30/Sep/2026 04:21:49] "GET /static/css/utilitarios.css HTTP/1.1" 200 1906
[30/Sep/2026 04:21:49] "GET /static/js/base.js HTTP/1.1" 200 551
[30/Sep/2026 04:21:49] "GET /static/js/navegacao.js HTTP/1.1" 200 5075
Not Found: /favicon.ico
[2026-09-30 04:21:50,331] WARNING django.request: Not Found: /favicon.ico
[30/Sep/2026 04:21:50] "GET /favicon.ico HTTP/1.1" 404 6043
[30/Sep/2026 04:21:51] "POST /area-cliente/entrar/ HTTP/1.1" 302 0
[30/Sep/2026 04:21:51] "GET /area-cliente/ HTTP/1.1" 200 18841
[30/Sep/2026 04:21:51] "GET /area-cliente/novo/ HTTP/1.1" 200 19793
[30/Sep/2026 04:21:51] "GET /static/js/editor-blog.js HTTP/1.1" 200 3227
[30/Sep/2026 04:21:52] "POST /area-cliente/novo/ HTTP/1.1" 302 0
[30/Sep/2026 04:21:52] "GET /area-cliente/ HTTP/1.1" 200 19260
[30/Sep/2026 04:21:52] "GET /conteudos/verificacao-temporaria-do-editor/ HTTP/1.1" 200 24711
[30/Sep/2026 04:21:52] "GET /static/css/paginas_internas.css HTTP/1.1" 200 26168
[30/Sep/2026 04:21:52] "GET /media/profissionais/mari-capa-v3.webp HTTP/1.1" 200 166472
[30/Sep/2026 04:21:52] "GET /area-cliente/ HTTP/1.1" 200 19201
[30/Sep/2026 04:21:52] "GET /area-cliente/artigo/10/excluir/ HTTP/1.1" 200 16281
[30/Sep/2026 04:21:52] "POST /area-cliente/artigo/10/excluir/ HTTP/1.1" 302 0
[30/Sep/2026 04:21:52] "GET /area-cliente/ HTTP/1.1" 200 18900
[30/Sep/2026 04:21:53] "POST /area-cliente/sair/ HTTP/1.1" 302 0
[30/Sep/2026 04:21:53] "GET /area-cliente/entrar/ HTTP/1.1" 200 16363
[30/Sep/2026 04:23:07] "GET /area-cliente/entrar/ HTTP/1.1" 200 16363
[30/Sep/2026 04:23:07] "GET /static/css/conteudos.css HTTP/1.1" 200 21750
[30/Sep/2026 04:23:07] "GET /static/css/editorial.css HTTP/1.1" 200 10478
[30/Sep/2026 04:23:07] "GET /static/css/componentes.css HTTP/1.1" 304 0
[30/Sep/2026 04:23:07] "GET /static/css/painel.css HTTP/1.1" 200 3483
[30/Sep/2026 04:23:07] "GET /static/js/navegacao.js HTTP/1.1" 304 0
Not Found: /favicon.ico
[2026-09-30 04:23:07,996] WARNING django.request: Not Found: /favicon.ico
[30/Sep/2026 04:23:07] "GET /favicon.ico HTTP/1.1" 404 6043
