[30/Sep/2026 00:30:01] "GET / HTTP/1.1" 200 29510
[30/Sep/2026 00:30:02] "GET /static/css/base.css HTTP/1.1" 200 10591
[30/Sep/2026 00:30:02] "GET /static/css/editorial.css HTTP/1.1" 200 9936
[30/Sep/2026 00:30:02] "GET /media/profissionais/mari-menezes_86869883.jpg HTTP/1.1" 200 315711
[30/Sep/2026 00:30:02] "GET /static/css/tipografia.css HTTP/1.1" 200 6401
[30/Sep/2026 00:30:02] "GET /static/css/tokens.css HTTP/1.1" 200 7430
[30/Sep/2026 00:30:02] "GET /static/css/componentes.css HTTP/1.1" 200 26241
[30/Sep/2026 00:30:02] "GET /static/css/layout.css HTTP/1.1" 200 4814
[30/Sep/2026 00:30:02] "GET /static/css/utilitarios.css HTTP/1.1" 200 1906
[30/Sep/2026 00:30:02] "GET /static/js/base.js HTTP/1.1" 200 551
[30/Sep/2026 00:30:02] "GET /static/js/navegacao.js HTTP/1.1" 200 5075
[30/Sep/2026 00:30:02] "GET /static/img/avaliacoes/burnout-v2.webp HTTP/1.1" 200 56402
[30/Sep/2026 00:30:02] "GET /static/img/avaliacoes/esterilizacao-v2.webp HTTP/1.1" 200 44098
[30/Sep/2026 00:30:02] "GET /static/img/avaliacoes/bariatrica-v2.webp HTTP/1.1" 200 68238
[30/Sep/2026 00:30:02] "GET /static/img/avaliacoes/inss.webp HTTP/1.1" 200 53554
[30/Sep/2026 00:30:02] "GET /static/img/avaliacoes/judicial.webp HTTP/1.1" 200 47616
[30/Sep/2026 00:30:02] "GET /static/img/avaliacoes/ansiedade-v2.webp HTTP/1.1" 200 157378
Not Found: /favicon.ico
[2026-09-30 00:30:02,944] WARNING django.request: Not Found: /favicon.ico
[30/Sep/2026 00:30:02] "GET /favicon.ico HTTP/1.1" 404 5887
[30/Sep/2026 00:30:03] "GET /static/img/avaliacoes/psicoterapia.webp HTTP/1.1" 200 95992
[30/Sep/2026 00:30:03] "GET /servicos/avaliacao/ansiedade-depressao/ HTTP/1.1" 200 23398
[30/Sep/2026 00:30:03] "GET /static/img/avaliacoes/ansiedade-v2.webp HTTP/1.1" 304 0
[30/Sep/2026 00:30:03] "GET /static/img/avaliacoes/ansiedade-v2-mobile.webp HTTP/1.1" 200 84596
[30/Sep/2026 00:30:03] "GET /servicos/avaliacao/ansiedade-depressao/ HTTP/1.1" 200 23398
[30/Sep/2026 00:30:03] "GET /static/img/avaliacoes/ansiedade-v2-mobile.webp HTTP/1.1" 304 0
[30/Sep/2026 00:30:03] "GET /static/img/avaliacoes/ansiedade-v2.webp HTTP/1.1" 304 0
[30/Sep/2026 00:37:03] "GET / HTTP/1.1" 200 29502
[30/Sep/2026 00:37:03] "GET /static/css/tokens.css HTTP/1.1" 200 7430
[30/Sep/2026 00:37:03] "GET /static/css/base.css HTTP/1.1" 200 10591
[30/Sep/2026 00:37:03] "GET /static/css/layout.css HTTP/1.1" 200 4814
[30/Sep/2026 00:37:03] "GET /media/profissionais/mari-capa-v3.webp HTTP/1.1" 200 166472
[30/Sep/2026 00:37:03] "GET /static/css/tipografia.css HTTP/1.1" 200 6401
[30/Sep/2026 00:37:03] "GET /static/css/componentes.css HTTP/1.1" 200 26241
[30/Sep/2026 00:37:03] "GET /static/css/utilitarios.css HTTP/1.1" 200 1906
[30/Sep/2026 00:37:03] "GET /static/css/editorial.css HTTP/1.1" 200 10285
[30/Sep/2026 00:37:04] "GET /static/js/base.js HTTP/1.1" 200 551
[30/Sep/2026 00:37:04] "GET /static/js/navegacao.js HTTP/1.1" 200 5075
[30/Sep/2026 00:37:04] "GET /static/img/avaliacoes/bariatrica-v2.webp HTTP/1.1" 200 68238
[30/Sep/2026 00:37:04] "GET /static/img/avaliacoes/burnout-v2.webp HTTP/1.1" 200 56402
[30/Sep/2026 00:37:04] "GET /static/img/avaliacoes/esterilizacao-v2.webp HTTP/1.1" 200 44098
[30/Sep/2026 00:37:04] "GET /static/img/avaliacoes/inss.webp HTTP/1.1" 200 53554
[30/Sep/2026 00:37:04] "GET /static/img/avaliacoes/ansiedade-v2.webp HTTP/1.1" 200 157378
[30/Sep/2026 00:37:04] "GET /static/img/avaliacoes/judicial.webp HTTP/1.1" 200 47616
Not Found: /favicon.ico
[2026-09-30 00:37:05,220] WARNING django.request: Not Found: /favicon.ico
[30/Sep/2026 00:37:05] "GET /favicon.ico HTTP/1.1" 404 5887
[30/Sep/2026 00:37:05] "GET /static/img/avaliacoes/credenciamento.webp HTTP/1.1" 200 66274
[30/Sep/2026 00:37:05] "GET /static/img/avaliacoes/psicoterapia.webp HTTP/1.1" 200 95992
[30/Sep/2026 00:37:05] "GET /sobre-mim/ HTTP/1.1" 200 28819
[30/Sep/2026 00:37:05] "GET /static/css/paginas_internas.css HTTP/1.1" 200 26168
[30/Sep/2026 00:37:05] "GET /media/profissionais/mari-mesa-v3.webp HTTP/1.1" 200 89010
[30/Sep/2026 00:37:05] "GET /media/profissionais/mari-escrevendo-v3.webp HTTP/1.1" 200 54514
[30/Sep/2026 00:37:05] "GET / HTTP/1.1" 200 29502
[30/Sep/2026 00:37:05] "GET /static/img/avaliacoes/inss-mobile.webp HTTP/1.1" 200 27774
[30/Sep/2026 00:37:05] "GET /static/img/avaliacoes/esterilizacao-v2-mobile.webp HTTP/1.1" 200 23620
[30/Sep/2026 00:37:05] "GET /static/img/avaliacoes/burnout-v2-mobile.webp HTTP/1.1" 200 33380
[30/Sep/2026 00:37:05] "GET /static/img/avaliacoes/judicial-mobile.webp HTTP/1.1" 200 23806
[30/Sep/2026 00:37:05] "GET /static/img/avaliacoes/bariatrica-v2-mobile.webp HTTP/1.1" 200 38652
[30/Sep/2026 00:37:05] "GET /static/img/avaliacoes/ansiedade-v2-mobile.webp HTTP/1.1" 200 84596
[30/Sep/2026 00:37:06] "GET /sobre-mim/ HTTP/1.1" 200 28819
